Microchip Technology Inc, v1.34 (A)

Tool Name:
  c:\program files (x86)\microchip\xc16\v1.34\bin\bin\..\bin/elf-ld.exe

Command:
  -p30F3014 \
  -o \
  dist/default/production/Analizador_de_vibraciones.X.production.elf \
  -Lc:/program files (x86)/microchip/xc16/v1.34/bin/bin/.. \
  -Lc:/program files (x86)/microchip/xc16/v1.34/bin/bin/../../lib \
  -Lc:/program files (x86)/microchip/xc16/v1.34/bin/bin/../../lib/PIC24E \
  -Lc:/program files (x86)/microchip/xc16/v1.34/bin/bin/../../support/PIC24E/gld \
  -Lc:/program files (x86)/microchip/xc16/v1.34/bin/bin/../../lib/PIC24F \
  -Lc:/program files (x86)/microchip/xc16/v1.34/bin/bin/../../support/PIC24F/gld \
  -Lc:/program files (x86)/microchip/xc16/v1.34/bin/bin/../../lib/PIC24H \
  -Lc:/program files (x86)/microchip/xc16/v1.34/bin/bin/../../support/PIC24H/gld \
  -Lc:/program files (x86)/microchip/xc16/v1.34/bin/bin/../../lib/dsPIC30F \
  -Lc:/program files (x86)/microchip/xc16/v1.34/bin/bin/../../support/dsPIC30F/gld \
  -Lc:/program files (x86)/microchip/xc16/v1.34/bin/bin/../../support/dsPIC33C/gld \
  -Lc:/program files (x86)/microchip/xc16/v1.34/bin/bin/../../lib/dsPIC33E \
  -Lc:/program files (x86)/microchip/xc16/v1.34/bin/bin/../../support/dsPIC33E/gld \
  -Lc:/program files (x86)/microchip/xc16/v1.34/bin/bin/../../lib/dsPIC33F \
  -Lc:/program files (x86)/microchip/xc16/v1.34/bin/bin/../../support/dsPIC33F/gld \
  build/default/production/Configuration.o \
  build/default/production/uart1.o \
  build/default/production/adc1.o \
  build/default/production/accelerometer.o \
  build/default/production/TMR1.o \
  build/default/production/openlog.o \
  build/default/production/uart2.o \
  build/default/production/DS1302.o \
  build/default/production/ESP8266.o \
  build/default/production/Main.o \
  --defsym=__MPLAB_BUILD=1 \
  -Tp30F3014.gld.00 \
  --stack=16 \
  --check-sections \
  --data-init \
  --pack-data \
  --handles \
  --isr \
  --no-gc-sections \
  --fill-upper=0 \
  --stackguard=16 \
  --no-force-link \
  --smart-io \
  -Map=dist/default/production/Analizador de vibraciones.X.production.map \
  --report-mem \
  --memorysummary \
  dist/default/production/memoryfile.xml \
  -start-group \
  --library=pic30-elf \
  --library=m-elf \
  --library=c-elf \
  -end-group \

Archive member included because of file (symbol)

c:/program files (x86)/microchip/xc16/v1.34/bin/bin/../../lib/dsPIC30F\libp30F3014-elf.a(BusyADC12.o)
                              build/default/production/adc1.o (_BusyADC12)
c:/program files (x86)/microchip/xc16/v1.34/bin/bin/../../lib/dsPIC30F\libp30F3014-elf.a(CloseADC12.o)
                              build/default/production/adc1.o (_CloseADC12)
c:/program files (x86)/microchip/xc16/v1.34/bin/bin/../../lib/dsPIC30F\libp30F3014-elf.a(ConfigIntADC12.o)
                              build/default/production/adc1.o (_ConfigIntADC12)
c:/program files (x86)/microchip/xc16/v1.34/bin/bin/../../lib/dsPIC30F\libp30F3014-elf.a(OpenADC12.o)
                              build/default/production/adc1.o (_OpenADC12)
c:/program files (x86)/microchip/xc16/v1.34/bin/bin/../../lib/dsPIC30F\libp30F3014-elf.a(ReadADC12.o)
                              build/default/production/adc1.o (_ReadADC12)
c:/program files (x86)/microchip/xc16/v1.34/bin/bin/../../lib/dsPIC30F\libp30F3014-elf.a(SetChanADC12.o)
                              build/default/production/Configuration.o (_SetChanADC12)
c:/program files (x86)/microchip/xc16/v1.34/bin/bin/../../lib/dsPIC30F\libp30F3014-elf.a(CloseTimer1.o)
                              build/default/production/TMR1.o (_CloseTimer1)
c:/program files (x86)/microchip/xc16/v1.34/bin/bin/../../lib/dsPIC30F\libp30F3014-elf.a(ConfigIntTimer1.o)
                              build/default/production/TMR1.o (_ConfigIntTimer1)
c:/program files (x86)/microchip/xc16/v1.34/bin/bin/../../lib/dsPIC30F\libp30F3014-elf.a(OpenTimer1.o)
                              build/default/production/TMR1.o (_OpenTimer1)
c:/program files (x86)/microchip/xc16/v1.34/bin/bin/../../lib/dsPIC30F\libp30F3014-elf.a(BusyUART1.o)
                              build/default/production/openlog.o (_BusyUART1)
c:/program files (x86)/microchip/xc16/v1.34/bin/bin/../../lib/dsPIC30F\libp30F3014-elf.a(CloseUART1.o)
                              build/default/production/uart1.o (_CloseUART1)
c:/program files (x86)/microchip/xc16/v1.34/bin/bin/../../lib/dsPIC30F\libp30F3014-elf.a(CloseUART2.o)
                              build/default/production/uart2.o (_CloseUART2)
c:/program files (x86)/microchip/xc16/v1.34/bin/bin/../../lib/dsPIC30F\libp30F3014-elf.a(ConfigIntUART1.o)
                              build/default/production/uart1.o (_ConfigIntUART1)
c:/program files (x86)/microchip/xc16/v1.34/bin/bin/../../lib/dsPIC30F\libp30F3014-elf.a(ConfigIntUART2.o)
                              build/default/production/uart2.o (_ConfigIntUART2)
c:/program files (x86)/microchip/xc16/v1.34/bin/bin/../../lib/dsPIC30F\libp30F3014-elf.a(DataRdyUART1.o)
                              build/default/production/openlog.o (_DataRdyUART1)
c:/program files (x86)/microchip/xc16/v1.34/bin/bin/../../lib/dsPIC30F\libp30F3014-elf.a(DataRdyUART2.o)
                              build/default/production/uart2.o (_DataRdyUART2)
c:/program files (x86)/microchip/xc16/v1.34/bin/bin/../../lib/dsPIC30F\libp30F3014-elf.a(OpenUART1.o)
                              build/default/production/uart1.o (_OpenUART1)
c:/program files (x86)/microchip/xc16/v1.34/bin/bin/../../lib/dsPIC30F\libp30F3014-elf.a(OpenUART2.o)
                              build/default/production/uart2.o (_OpenUART2)
c:/program files (x86)/microchip/xc16/v1.34/bin/bin/../../lib/dsPIC30F\libp30F3014-elf.a(putsUART1.o)
                              build/default/production/uart1.o (_putsUART1)
c:/program files (x86)/microchip/xc16/v1.34/bin/bin/../../lib/dsPIC30F\libp30F3014-elf.a(putsUART2.o)
                              build/default/production/uart2.o (_putsUART2)
c:/program files (x86)/microchip/xc16/v1.34/bin/bin/../../lib/dsPIC30F\libp30F3014-elf.a(ReadUART1.o)
                              build/default/production/openlog.o (_ReadUART1)
c:/program files (x86)/microchip/xc16/v1.34/bin/bin/../../lib/dsPIC30F\libp30F3014-elf.a(ReadUART2.o)
                              build/default/production/uart2.o (_ReadUART2)
c:/program files (x86)/microchip/xc16/v1.34/bin/bin/../../lib/dsPIC30F\libp30F3014-elf.a(WriteUART1.o)
                              build/default/production/openlog.o (_WriteUART1)
c:/program files (x86)/microchip/xc16/v1.34/bin/bin/../../lib\libpic30-elf.a(crt0_standard.o)
                              (__resetPRI)
c:/program files (x86)/microchip/xc16/v1.34/bin/bin/../../lib\libpic30-elf.a(data_init_standard.o)
                              c:/program files (x86)/microchip/xc16/v1.34/bin/bin/../../lib\libpic30-elf.a(crt0_standard.o) (__data_init_standard)
c:/program files (x86)/microchip/xc16/v1.34/bin/bin/../../lib\libpic30-elf.a(crt_start_mode_normal.eo)
                              (__crt_start_mode_normal)
c:/program files (x86)/microchip/xc16/v1.34/bin/bin/../../lib\libpic30-elf.a(delay32.eo)
                              build/default/production/Configuration.o (___delay32)
c:/program files (x86)/microchip/xc16/v1.34/bin/bin/../../lib\libm-elf.a(divsf3.eo)
                              build/default/production/adc1.o (___divsf3)
c:/program files (x86)/microchip/xc16/v1.34/bin/bin/../../lib\libm-elf.a(fixunssfsi.eo)
                              build/default/production/adc1.o (___fixunssfsi)
c:/program files (x86)/microchip/xc16/v1.34/bin/bin/../../lib\libm-elf.a(floatunsisf.eo)
                              build/default/production/adc1.o (___floatunsisf)
c:/program files (x86)/microchip/xc16/v1.34/bin/bin/../../lib\libm-elf.a(fpack.eo)
                              c:/program files (x86)/microchip/xc16/v1.34/bin/bin/../../lib\libm-elf.a(divsf3.eo) (__fpack)
c:/program files (x86)/microchip/xc16/v1.34/bin/bin/../../lib\libm-elf.a(funpack.eo)
                              c:/program files (x86)/microchip/xc16/v1.34/bin/bin/../../lib\libm-elf.a(fixunssfsi.eo) (__funpack)
c:/program files (x86)/microchip/xc16/v1.34/bin/bin/../../lib\libm-elf.a(funpack2.eo)
                              c:/program files (x86)/microchip/xc16/v1.34/bin/bin/../../lib\libm-elf.a(divsf3.eo) (__funpack2)
c:/program files (x86)/microchip/xc16/v1.34/bin/bin/../../lib\libm-elf.a(futil.eo)
                              c:/program files (x86)/microchip/xc16/v1.34/bin/bin/../../lib\libm-elf.a(divsf3.eo) (__fPropagateNaN)
c:/program files (x86)/microchip/xc16/v1.34/bin/bin/../../lib\libm-elf.a(mulsf3.eo)
                              build/default/production/adc1.o (___mulsf3)
c:/program files (x86)/microchip/xc16/v1.34/bin/bin/../../lib\libm-elf.a(floatundisf.eo)
                              c:/program files (x86)/microchip/xc16/v1.34/bin/bin/../../lib\libm-elf.a(floatunsisf.eo) (___floatundisf)
c:/program files (x86)/microchip/xc16/v1.34/bin/bin/../../lib\libc-elf.a(atoi.eo)
                              build/default/production/openlog.o (_atoi)
c:/program files (x86)/microchip/xc16/v1.34/bin/bin/../../lib\libc-elf.a(sprintf_cdnopuxX.XXeo)
                              build/default/production/openlog.o (__sprintf_cdnopuxX)
c:/program files (x86)/microchip/xc16/v1.34/bin/bin/../../lib\libc-elf.a(doprnt_cdnopuxX.XXeo)
                              c:/program files (x86)/microchip/xc16/v1.34/bin/bin/../../lib\libc-elf.a(sprintf_cdnopuxX.XXeo) (__vfprintf_cdnopuxX)
c:/program files (x86)/microchip/xc16/v1.34/bin/bin/../../lib\libc-elf.a(fputc.eo)
                              c:/program files (x86)/microchip/xc16/v1.34/bin/bin/../../lib\libc-elf.a(doprnt_cdnopuxX.XXeo) (_fputc)
c:/program files (x86)/microchip/xc16/v1.34/bin/bin/../../lib\libc-elf.a(_iob.eo)
                              c:/program files (x86)/microchip/xc16/v1.34/bin/bin/../../lib\libc-elf.a(fputc.eo) (__outdone)
c:/program files (x86)/microchip/xc16/v1.34/bin/bin/../../lib\libc-elf.a(flsbuf.eo)
                              c:/program files (x86)/microchip/xc16/v1.34/bin/bin/../../lib\libc-elf.a(fputc.eo) (__flsbuf)
c:/program files (x86)/microchip/xc16/v1.34/bin/bin/../../lib\libpic30-elf.a(write.eo)
                              c:/program files (x86)/microchip/xc16/v1.34/bin/bin/../../lib\libc-elf.a(fputc.eo) (_write)
c:/program files (x86)/microchip/xc16/v1.34/bin/bin/../../lib\libpic30-elf.a(c30_uart.eo)
                              c:/program files (x86)/microchip/xc16/v1.34/bin/bin/../../lib\libpic30-elf.a(write.eo) (___C30_UART)
c:/program files (x86)/microchip/xc16/v1.34/bin/bin/../../lib\libm-elf.a(udivsi3.eo)
                              c:/program files (x86)/microchip/xc16/v1.34/bin/bin/../../lib\libc-elf.a(doprnt_cdnopuxX.XXeo) (___udivsi3)
c:/program files (x86)/microchip/xc16/v1.34/bin/bin/../../lib\libm-elf.a(mulsi3.eo)
                              c:/program files (x86)/microchip/xc16/v1.34/bin/bin/../../lib\libc-elf.a(doprnt_cdnopuxX.XXeo) (___mulsi3)


Selected CodeGuard Options:
  FGS:GWRP:GWRP_OFF
  FGS:GCP:CODE_PROT_OFF

CodeGuard FLASH Memory:
  boot    (none)
  secure  (none)
  general 0x100 to 0x3ffe

CodeGuard RAM Memory:
  general 0x800 to 0xfff
  secure  (none)
  boot    (none)

CodeGuard EEPROM Memory:
  general 0x7ffc00 to 0x7fffff
  secure  (none)
  boot    (none)


xc16-ld 1.34 (A)

"program" Memory  [Origin = 0x100, Length = 0x3f00]

section                    address   length (PC units)   length (bytes) (dec)
-------                    -------   -----------------   --------------------
.text                        0x100               0xc94          0x12de  (4830)
.const                       0xd94                0xea           0x15f  (351)
.text                        0xe7e               0x590           0x858  (2136)
.dinit                      0x140e                0x7a            0xb7  (183)
.text                       0x1488               0x186           0x249  (585)
.init.delay32               0x160e                0x1c            0x2a  (42)
.text                       0x162a                0x1a            0x27  (39)

                 Total "program" memory used (bytes):         0x1fe6  (8166) 33%


"data" Memory  [Origin = 0x800, Length = 0x800]

section                    address      alignment gaps    total length  (dec)
-------                    -------      --------------    -------------------
.nbss                        0x800                   0            0x18  (24)
.data                        0x818                   0            0x78  (120)
.bss                         0x890                   0             0x6  (6)
.data                        0x896                   0             0x2  (2)

                 Total "data" memory used (bytes):           0x98  (152) 7%


Dynamic Memory Usage

region                     address                      maximum length  (dec)
------                     -------                      ---------------------
heap                             0                                   0  (0)
stack                        0x898                               0x768  (1896)

                 Maximum dynamic memory (bytes):          0x768  (1896)


External Symbols in Data Memory (by address):

                    0x0800                  _rec
                    0x0814                  _function_flag
                    0x0815                  _file_flag
                    0x0816                  _file_number
                    0x086a                  __iob
                    0x088e                  __Files
                    0x0890                  __outdone
                    0x0891                  __sibuf
                    0x0893                  __sobuf
                    0x0896                  ___C30_UART

External Symbols in Data Memory (by name):

                    0x088e                  __Files
                    0x0896                  ___C30_UART
                    0x086a                  __iob
                    0x0890                  __outdone
                    0x0891                  __sibuf
                    0x0893                  __sobuf
                    0x0815                  _file_flag
                    0x0816                  _file_number
                    0x0814                  _function_flag
                    0x0800                  _rec

External Symbols in Program Memory (by address):

                  0x000100                  __resetPRI
                  0x00013c                  __psv_init
                  0x000152                  __data_init_standard
                  0x000152                  __data_init
                  0x0001c8                  __U2RXInterrupt
                  0x000212                  __DefaultInterrupt
                  0x00029a                  _BusyADC12
                  0x0002a2                  _CloseADC12
                  0x0002aa                  _ConfigIntADC12
                  0x0002ce                  _OpenADC12
                  0x0002e4                  _ReadADC12
                  0x0002ee                  _SetChanADC12
                  0x0002f2                  _CloseTimer1
                  0x0002fa                  _ConfigIntTimer1
                  0x000318                  _OpenTimer1
                  0x000320                  _BusyUART1
                  0x00032a                  _CloseUART1
                  0x000336                  _CloseUART2
                  0x000342                  _ConfigIntUART1
                  0x00038a                  _ConfigIntUART2
                  0x0003ce                  _DataRdyUART1
                  0x0003d4                  _DataRdyUART2
                  0x0003da                  _OpenUART1
                  0x0003e2                  _OpenUART2
                  0x0003ea                  _putsUART1
                  0x000412                  _putsUART2
                  0x00043a                  _ReadUART1
                  0x00044c                  _ReadUART2
                  0x00045e                  _WriteUART1
                  0x00046e                  ___divsf3
                  0x0004f2                  ___fixunssfsi
                  0x000528                  ___floatunsisf
                  0x00052c                  __fpack
                  0x000578                  __funpack
                  0x0005a2                  __funpack2
                  0x0005b2                  __fPropagateNaN
                  0x0005c4                  __fbopExit
                  0x0005cc                  __fbopReturnNaN
                  0x0005d2                  ___mulsf3
                  0x00063a                  ___floatundisf
                  0x000698                  _atoi
                  0x0006d6                  __sprintf_cdnopuxX
                  0x000714                  __vfprintf_cdnopuxX
                  0x000d68                  ___udivsi3
                  0x000d88                  ___mulp32eds3
                  0x000d88                  ___mulsi3
                  0x000d88                  ___mulp32peds3
                  0x000e7e                  _OPENLOG_initilize
                  0x000eca                  _OPENLOG_get_string
                  0x000f3a                  _OPENLOG_parser
                  0x000f86                  _OPENLOG_completewrite
                  0x000fe4                  _OPENLOG_comandmode
                  0x00100e                  _OPENLOG_newfile
                  0x001070                  _OPENLOG_printtime
                  0x001166                  _DS1302_initialize
                  0x001178                  _DS1302_write
                  0x0011d8                  _DS1302_read
                  0x001296                  _DS1302_bcd2bin
                  0x0012d0                  _DS1302_rgtclean
                  0x001344                  _main
                  0x001488                  _ADC1_initialize
                  0x0014b4                  _ADC1_getdata
                  0x0014d2                  _BATT_get
                  0x0014f0                  _UART2_initialize
                  0x001514                  _UART2_send_string
                  0x001520                  _UART2_get_string
                  0x001546                  _initilize_ESP8266
                  0x001550                  _wlan_ESP8266
                  0x001580                  _SYSTEM_initialize
                  0x0015b8                  _UART1_initialize
                  0x0015dc                  _UART1_send_string
                  0x0015e8                  _ACCEL_initialize
                  0x0015ee                  _ACCEL_get
                  0x00160e                  ___delay32
                  0x00162a                  _TMR1_initialize
                  0xf8000a                  __FGS.sec

External Symbols in Program Memory (by name):

                  0x0015ee                  _ACCEL_get
                  0x0015e8                  _ACCEL_initialize
                  0x0014b4                  _ADC1_getdata
                  0x001488                  _ADC1_initialize
                  0x0014d2                  _BATT_get
                  0x00029a                  _BusyADC12
                  0x000320                  _BusyUART1
                  0x0002a2                  _CloseADC12
                  0x0002f2                  _CloseTimer1
                  0x00032a                  _CloseUART1
                  0x000336                  _CloseUART2
                  0x0002aa                  _ConfigIntADC12
                  0x0002fa                  _ConfigIntTimer1
                  0x000342                  _ConfigIntUART1
                  0x00038a                  _ConfigIntUART2
                  0x001296                  _DS1302_bcd2bin
                  0x001166                  _DS1302_initialize
                  0x0011d8                  _DS1302_read
                  0x0012d0                  _DS1302_rgtclean
                  0x001178                  _DS1302_write
                  0x0003ce                  _DataRdyUART1
                  0x0003d4                  _DataRdyUART2
                  0x000fe4                  _OPENLOG_comandmode
                  0x000f86                  _OPENLOG_completewrite
                  0x000eca                  _OPENLOG_get_string
                  0x000e7e                  _OPENLOG_initilize
                  0x00100e                  _OPENLOG_newfile
                  0x000f3a                  _OPENLOG_parser
                  0x001070                  _OPENLOG_printtime
                  0x0002ce                  _OpenADC12
                  0x000318                  _OpenTimer1
                  0x0003da                  _OpenUART1
                  0x0003e2                  _OpenUART2
                  0x0002e4                  _ReadADC12
                  0x00043a                  _ReadUART1
                  0x00044c                  _ReadUART2
                  0x001580                  _SYSTEM_initialize
                  0x0002ee                  _SetChanADC12
                  0x00162a                  _TMR1_initialize
                  0x0015b8                  _UART1_initialize
                  0x0015dc                  _UART1_send_string
                  0x001520                  _UART2_get_string
                  0x0014f0                  _UART2_initialize
                  0x001514                  _UART2_send_string
                  0x00045e                  _WriteUART1
                  0x000212                  __DefaultInterrupt
                  0xf8000a                  __FGS.sec
                  0x0001c8                  __U2RXInterrupt
                  0x00160e                  ___delay32
                  0x00046e                  ___divsf3
                  0x0004f2                  ___fixunssfsi
                  0x00063a                  ___floatundisf
                  0x000528                  ___floatunsisf
                  0x000d88                  ___mulp32eds3
                  0x000d88                  ___mulp32peds3
                  0x0005d2                  ___mulsf3
                  0x000d88                  ___mulsi3
                  0x000d68                  ___udivsi3
                  0x000152                  __data_init
                  0x000152                  __data_init_standard
                  0x0005b2                  __fPropagateNaN
                  0x0005c4                  __fbopExit
                  0x0005cc                  __fbopReturnNaN
                  0x00052c                  __fpack
                  0x000578                  __funpack
                  0x0005a2                  __funpack2
                  0x00013c                  __psv_init
                  0x000100                  __resetPRI
                  0x0006d6                  __sprintf_cdnopuxX
                  0x000714                  __vfprintf_cdnopuxX
                  0x000698                  _atoi
                  0x001546                  _initilize_ESP8266
                  0x001344                  _main
                  0x0003ea                  _putsUART1
                  0x000412                  _putsUART2
                  0x001550                  _wlan_ESP8266

Memory Configuration

Name             Origin             Length             Attributes
data             0x000800           0x000800           a !xr
reset            0x000000           0x000004  
ivt              0x000004           0x00007c  
_reserved        0x000080           0x000004  
aivt             0x000084           0x00007c  
program          0x000100           0x003f00           xr
eedata           0x7ffc00           0x000400  
FUID0            0x8005c0           0x000002  
FUID1            0x8005c2           0x000002  
FUID2            0x8005c4           0x000002  
FUID3            0x8005c6           0x000002  
FOSC             0xf80000           0x000002  
FWDT             0xf80002           0x000002  
FBORPOR          0xf80004           0x000002  
RESERVED1        0xf80006           0x000002  
RESERVED2        0xf80008           0x000002  
FGS              0xf8000a           0x000002  
FICD             0xf8000c           0x000002  
*default*        0x000000           0xffffffff  

Linker script and memory map

LOAD build/default/production/Configuration.o
LOAD build/default/production/uart1.o
LOAD build/default/production/adc1.o
LOAD build/default/production/accelerometer.o
LOAD build/default/production/TMR1.o
LOAD build/default/production/openlog.o
LOAD build/default/production/uart2.o
LOAD build/default/production/DS1302.o
LOAD build/default/production/ESP8266.o
LOAD build/default/production/Main.o
                    0x0001                  __MPLAB_BUILD = 0x1
LOAD c:/program files (x86)/microchip/xc16/v1.34/bin/bin/../../lib/dsPIC30F\libp30F3014-elf.a
LOAD c:/program files (x86)/microchip/xc16/v1.34/bin/bin/../../lib\libfx-elf.a
                    0x8005c0                  __FUID0 = 0x8005c0
                    0x8005c2                  __FUID1 = 0x8005c2
                    0x8005c4                  __FUID2 = 0x8005c4
                    0x8005c6                  __FUID3 = 0x8005c6
                    0xf80000                  __FOSC = 0xf80000
                    0xf80002                  __FWDT = 0xf80002
                    0xf80004                  __FBORPOR = 0xf80004
                    0xf80006                  __RESERVED1 = 0xf80006
                    0xf80008                  __RESERVED2 = 0xf80008
                    0xf8000a                  __FGS = 0xf8000a
                    0xf8000c                  __FICD = 0xf8000c
                    0x0001                  __NO_HANDLES = 0x1
                    0x0100                  __CODE_BASE = 0x100
                    0x3f00                  __CODE_LENGTH = 0x3f00
                    0x0004                  __IVT_BASE = 0x4
                    0x0084                  __AIVT_BASE = 0x84
                    0x0800                  __DATA_BASE = 0x800
                    0x0800                  __DATA_LENGTH = 0x800
                    0x0c00                  __YDATA_BASE = 0xc00

.reset            0x000000          0x4
                  0x000000          0x2 SHORT 0x100 ABSOLUTE (__reset)
                  0x000001          0x2 SHORT 0x4
                  0x000002          0x2 SHORT 0x0 ((ABSOLUTE (__reset) >> 0x10) & 0x7f)
                  0x000003          0x2 SHORT 0x0

.text             0x000100        0xc94
 *(.init)
 .init            0x000100         0x4c c:/program files (x86)/microchip/xc16/v1.34/bin/bin/../../lib\libpic30-elf.a(crt0_standard.o)
                  0x000100                  __resetPRI
                  0x000100                  __reset
                  0x00013c                  __psv_init
 .init            0x00014c         0x7c c:/program files (x86)/microchip/xc16/v1.34/bin/bin/../../lib\libpic30-elf.a(data_init_standard.o)
                  0x000152                  __data_init_standard
                  0x000152                  __data_init
 *(.user_init)
 *(.handle)
 *(.isr*)
 .isr.text        0x0001c8         0x4a build/default/production/uart2.o
                  0x0001c8                  __U2RXInterrupt
 .isr             0x000212          0x4 default_isr
                  0x000212                  __DefaultInterrupt
 *(.libc)
 .libc            0x000216         0x84 c:/program files (x86)/microchip/xc16/v1.34/bin/bin/../../lib\libpic30-elf.a(write.eo)
                  0x000216                  _write
 *(.libm)
 *(.libdsp)
 *(.lib*)
 .libperi         0x00029a          0x8 c:/program files (x86)/microchip/xc16/v1.34/bin/bin/../../lib/dsPIC30F\libp30F3014-elf.a(BusyADC12.o)
                  0x00029a                  _BusyADC12
 .libperi         0x0002a2          0x8 c:/program files (x86)/microchip/xc16/v1.34/bin/bin/../../lib/dsPIC30F\libp30F3014-elf.a(CloseADC12.o)
                  0x0002a2                  _CloseADC12
 .libperi         0x0002aa         0x24 c:/program files (x86)/microchip/xc16/v1.34/bin/bin/../../lib/dsPIC30F\libp30F3014-elf.a(ConfigIntADC12.o)
                  0x0002aa                  _ConfigIntADC12
 .libperi         0x0002ce         0x16 c:/program files (x86)/microchip/xc16/v1.34/bin/bin/../../lib/dsPIC30F\libp30F3014-elf.a(OpenADC12.o)
                  0x0002ce                  _OpenADC12
 .libperi         0x0002e4          0xa c:/program files (x86)/microchip/xc16/v1.34/bin/bin/../../lib/dsPIC30F\libp30F3014-elf.a(ReadADC12.o)
                  0x0002e4                  _ReadADC12
 .libperi         0x0002ee          0x4 c:/program files (x86)/microchip/xc16/v1.34/bin/bin/../../lib/dsPIC30F\libp30F3014-elf.a(SetChanADC12.o)
                  0x0002ee                  _SetChanADC12
 .libperi         0x0002f2          0x8 c:/program files (x86)/microchip/xc16/v1.34/bin/bin/../../lib/dsPIC30F\libp30F3014-elf.a(CloseTimer1.o)
                  0x0002f2                  _CloseTimer1
 .libperi         0x0002fa         0x1e c:/program files (x86)/microchip/xc16/v1.34/bin/bin/../../lib/dsPIC30F\libp30F3014-elf.a(ConfigIntTimer1.o)
                  0x0002fa                  _ConfigIntTimer1
 .libperi         0x000318          0x8 c:/program files (x86)/microchip/xc16/v1.34/bin/bin/../../lib/dsPIC30F\libp30F3014-elf.a(OpenTimer1.o)
                  0x000318                  _OpenTimer1
 .libperi         0x000320          0xa c:/program files (x86)/microchip/xc16/v1.34/bin/bin/../../lib/dsPIC30F\libp30F3014-elf.a(BusyUART1.o)
                  0x000320                  _BusyUART1
 .libperi         0x00032a          0xc c:/program files (x86)/microchip/xc16/v1.34/bin/bin/../../lib/dsPIC30F\libp30F3014-elf.a(CloseUART1.o)
                  0x00032a                  _CloseUART1
 .libperi         0x000336          0xc c:/program files (x86)/microchip/xc16/v1.34/bin/bin/../../lib/dsPIC30F\libp30F3014-elf.a(CloseUART2.o)
                  0x000336                  _CloseUART2
 .libperi         0x000342         0x48 c:/program files (x86)/microchip/xc16/v1.34/bin/bin/../../lib/dsPIC30F\libp30F3014-elf.a(ConfigIntUART1.o)
                  0x000342                  _ConfigIntUART1
 .libperi         0x00038a         0x44 c:/program files (x86)/microchip/xc16/v1.34/bin/bin/../../lib/dsPIC30F\libp30F3014-elf.a(ConfigIntUART2.o)
                  0x00038a                  _ConfigIntUART2
 .libperi         0x0003ce          0x6 c:/program files (x86)/microchip/xc16/v1.34/bin/bin/../../lib/dsPIC30F\libp30F3014-elf.a(DataRdyUART1.o)
                  0x0003ce                  _DataRdyUART1
 .libperi         0x0003d4          0x6 c:/program files (x86)/microchip/xc16/v1.34/bin/bin/../../lib/dsPIC30F\libp30F3014-elf.a(DataRdyUART2.o)
                  0x0003d4                  _DataRdyUART2
 .libperi         0x0003da          0x8 c:/program files (x86)/microchip/xc16/v1.34/bin/bin/../../lib/dsPIC30F\libp30F3014-elf.a(OpenUART1.o)
                  0x0003da                  _OpenUART1
 .libperi         0x0003e2          0x8 c:/program files (x86)/microchip/xc16/v1.34/bin/bin/../../lib/dsPIC30F\libp30F3014-elf.a(OpenUART2.o)
                  0x0003e2                  _OpenUART2
 .libperi         0x0003ea         0x28 c:/program files (x86)/microchip/xc16/v1.34/bin/bin/../../lib/dsPIC30F\libp30F3014-elf.a(putsUART1.o)
                  0x0003ea                  _putsUART1
 .libperi         0x000412         0x28 c:/program files (x86)/microchip/xc16/v1.34/bin/bin/../../lib/dsPIC30F\libp30F3014-elf.a(putsUART2.o)
                  0x000412                  _putsUART2
 .libperi         0x00043a         0x12 c:/program files (x86)/microchip/xc16/v1.34/bin/bin/../../lib/dsPIC30F\libp30F3014-elf.a(ReadUART1.o)
                  0x00043a                  _ReadUART1
 .libperi         0x00044c         0x12 c:/program files (x86)/microchip/xc16/v1.34/bin/bin/../../lib/dsPIC30F\libp30F3014-elf.a(ReadUART2.o)
                  0x00044c                  _ReadUART2
 .libperi         0x00045e          0xe c:/program files (x86)/microchip/xc16/v1.34/bin/bin/../../lib/dsPIC30F\libp30F3014-elf.a(WriteUART1.o)
                  0x00045e                  _WriteUART1
 .libpic30_crt_start_mode
                  0x00046c          0x2 c:/program files (x86)/microchip/xc16/v1.34/bin/bin/../../lib\libpic30-elf.a(crt_start_mode_normal.eo)
                  0x00046c                  __crt_start_mode
                  0x00046c                  __crt_start_mode_normal
 .libm.divfs3     0x00046e         0x84 c:/program files (x86)/microchip/xc16/v1.34/bin/bin/../../lib\libm-elf.a(divsf3.eo)
                  0x00046e                  ___divsf3
 .libm.fixunssfsi
                  0x0004f2         0x36 c:/program files (x86)/microchip/xc16/v1.34/bin/bin/../../lib\libm-elf.a(fixunssfsi.eo)
                  0x0004f2                  ___fixunssfsi
 .libm.floatunsisf
                  0x000528          0x4 c:/program files (x86)/microchip/xc16/v1.34/bin/bin/../../lib\libm-elf.a(floatunsisf.eo)
                  0x000528                  ___floatunsisf
 .libm.fpack      0x00052c         0x4c c:/program files (x86)/microchip/xc16/v1.34/bin/bin/../../lib\libm-elf.a(fpack.eo)
                  0x00052c                  __fpack
 .libm.funpack    0x000578         0x2a c:/program files (x86)/microchip/xc16/v1.34/bin/bin/../../lib\libm-elf.a(funpack.eo)
                  0x000578                  __funpack
 .libm.funpack2
                  0x0005a2         0x10 c:/program files (x86)/microchip/xc16/v1.34/bin/bin/../../lib\libm-elf.a(funpack2.eo)
                  0x0005a2                  __funpack2
 .libm.fPropagateNaN
                  0x0005b2         0x12 c:/program files (x86)/microchip/xc16/v1.34/bin/bin/../../lib\libm-elf.a(futil.eo)
                  0x0005b2                  __fPropagateNaN
 .libm.fbobExit
                  0x0005c4          0x8 c:/program files (x86)/microchip/xc16/v1.34/bin/bin/../../lib\libm-elf.a(futil.eo)
                  0x0005c4                  __fbopExit
 .libm.fbopReturnNaN
                  0x0005cc          0x6 c:/program files (x86)/microchip/xc16/v1.34/bin/bin/../../lib\libm-elf.a(futil.eo)
                  0x0005cc                  __fbopReturnNaN
 .libm.mulsf3     0x0005d2         0x68 c:/program files (x86)/microchip/xc16/v1.34/bin/bin/../../lib\libm-elf.a(mulsf3.eo)
                  0x0005d2                  ___mulsf3
 .libm.floatundisf
                  0x00063a         0x5e c:/program files (x86)/microchip/xc16/v1.34/bin/bin/../../lib\libm-elf.a(floatundisf.eo)
                  0x00063a                  ___floatundisf
 .libc.atoi       0x000698         0x3e c:/program files (x86)/microchip/xc16/v1.34/bin/bin/../../lib\libc-elf.a(atoi.eo)
                  0x000698                  _atoi
 .libc._sprintf_cdnopuxX
                  0x0006d6         0x2c c:/program files (x86)/microchip/xc16/v1.34/bin/bin/../../lib\libc-elf.a(sprintf_cdnopuxX.XXeo)
                  0x0006d6                  __sprintf_cdnopuxX
 .libc.sputc      0x000702         0x12 c:/program files (x86)/microchip/xc16/v1.34/bin/bin/../../lib\libc-elf.a(doprnt_cdnopuxX.XXeo)
 .libc._vfprintf_cdnopuxX
                  0x000714        0x54c c:/program files (x86)/microchip/xc16/v1.34/bin/bin/../../lib\libc-elf.a(doprnt_cdnopuxX.XXeo)
                  0x000714                  __vfprintf_cdnopuxX
 .libc.fputc      0x000c60         0x86 c:/program files (x86)/microchip/xc16/v1.34/bin/bin/../../lib\libc-elf.a(fputc.eo)
                  0x000c60                  _fputc
 .libc._flsbuf    0x000ce6         0x7e c:/program files (x86)/microchip/xc16/v1.34/bin/bin/../../lib\libc-elf.a(flsbuf.eo)
                  0x000ce6                  __flsbuf
 .libc.dowrite    0x000d64          0x4 c:/program files (x86)/microchip/xc16/v1.34/bin/bin/../../lib\libpic30-elf.a(write.eo)
 .libm.udivsi3    0x000d68         0x20 c:/program files (x86)/microchip/xc16/v1.34/bin/bin/../../lib\libm-elf.a(udivsi3.eo)
                  0x000d68                  ___udivsi3
 .libm.mulsi3     0x000d88          0xc c:/program files (x86)/microchip/xc16/v1.34/bin/bin/../../lib\libm-elf.a(mulsi3.eo)
                  0x000d88                  ___mulp32peds3
                  0x000d88                  ___mulsi3
                  0x000d88                  ___mulp32eds3

usercode
 *(usercode)

__FUID0
 *(__FUID0.sec*)

__FUID1
 *(__FUID1.sec*)

__FUID2
 *(__FUID2.sec*)

__FUID3
 *(__FUID3.sec*)

__FOSC
 *(__FOSC.sec*)

__FWDT
 *(__FWDT.sec*)

__FBORPOR
 *(__FBORPOR.sec*)

__RESERVED1
 *(__RESERVED1.sec*)

__RESERVED2
 *(__RESERVED2.sec*)

__FGS             0xf8000a          0x2
 *(__FGS.sec*)
 __FGS.sec        0xf8000a          0x2 /CW/_FGS¨”ý
                  0xf8000a                  __FGS.sec

__FICD
 *(__FICD.sec*)

user_eedata
 *(user_eedata)

userdata
 *(userdata)

.comment
 *(.comment)

.debug_info       0x000000       0x291b
 *(.debug_info)
 .debug_info      0x000000        0x644 build/default/production/Configuration.o
 .debug_info      0x000644        0x220 build/default/production/uart1.o
 .debug_info      0x000864        0x3a7 build/default/production/adc1.o
 .debug_info      0x000c0b        0x1b6 build/default/production/accelerometer.o
 .debug_info      0x000dc1        0x1c0 build/default/production/TMR1.o
 .debug_info      0x000f81        0x413 build/default/production/openlog.o
 .debug_info      0x001394        0x503 build/default/production/uart2.o
 .debug_info      0x001897        0x6f8 build/default/production/DS1302.o
 .debug_info      0x001f8f        0x380 build/default/production/ESP8266.o
 .debug_info      0x00230f        0x60c build/default/production/Main.o
 *(.gnu.linkonce.wi.*)

.debug_abbrev     0x000000        0x6be
 *(.debug_abbrev)
 .debug_abbrev    0x000000         0x8a build/default/production/Configuration.o
 .debug_abbrev    0x00008a         0x72 build/default/production/uart1.o
 .debug_abbrev    0x0000fc        0x104 build/default/production/adc1.o
 .debug_abbrev    0x000200         0x5c build/default/production/accelerometer.o
 .debug_abbrev    0x00025c         0x43 build/default/production/TMR1.o
 .debug_abbrev    0x00029f         0xaa build/default/production/openlog.o
 .debug_abbrev    0x000349         0xee build/default/production/uart2.o
 .debug_abbrev    0x000437         0xea build/default/production/DS1302.o
 .debug_abbrev    0x000521         0xbb build/default/production/ESP8266.o
 .debug_abbrev    0x0005dc         0xe2 build/default/production/Main.o

.debug_line       0x000000        0x77d
 *(.debug_line)
 .debug_line      0x000000         0xfa build/default/production/Configuration.o
 .debug_line      0x0000fa         0x3f build/default/production/uart1.o
 .debug_line      0x000139         0xee build/default/production/adc1.o
 .debug_line      0x000227         0x3f build/default/production/accelerometer.o
 .debug_line      0x000266         0x37 build/default/production/TMR1.o
 .debug_line      0x00029d         0xb7 build/default/production/openlog.o
 .debug_line      0x000354        0x104 build/default/production/uart2.o
 .debug_line      0x000458        0x13b build/default/production/DS1302.o
 .debug_line      0x000593         0xec build/default/production/ESP8266.o
 .debug_line      0x00067f         0xfe build/default/production/Main.o

.debug_frame      0x000000        0x46c
 *(.debug_frame)
 .debug_frame     0x000000         0x30 build/default/production/Configuration.o
 .debug_frame     0x000030         0x4c build/default/production/uart1.o
 .debug_frame     0x00007c         0x68 build/default/production/adc1.o
 .debug_frame     0x0000e4         0x4c build/default/production/accelerometer.o
 .debug_frame     0x000130         0x30 build/default/production/TMR1.o
 .debug_frame     0x000160        0x148 build/default/production/openlog.o
 .debug_frame     0x0002a8         0xa8 build/default/production/uart2.o
 .debug_frame     0x000350         0xa0 build/default/production/DS1302.o
 .debug_frame     0x0003f0         0x4c build/default/production/ESP8266.o
 .debug_frame     0x00043c         0x30 build/default/production/Main.o

.debug_str        0x000000         0xea
 *(.debug_str)
 .debug_str       0x000000         0x3b build/default/production/Configuration.o
 .debug_str       0x00003b          0xb build/default/production/adc1.o
 .debug_str       0x000046          0xc build/default/production/openlog.o
 .debug_str       0x000052         0x2b build/default/production/uart2.o
 .debug_str       0x00007d         0x1d build/default/production/DS1302.o
 .debug_str       0x00009a         0x13 build/default/production/ESP8266.o
 .debug_str       0x0000ad         0x3d build/default/production/Main.o

.debug_loc
 *(.debug_loc)

.debug_macinfo
 *(.debug_macinfo)

.debug_pubnames
                  0x000000        0x312
 *(.debug_pubnames)
 .debug_pubnames
                  0x000000         0x28 build/default/production/Configuration.o
 .debug_pubnames
                  0x000028         0x3d build/default/production/uart1.o
 .debug_pubnames
                  0x000065         0x44 build/default/production/adc1.o
 .debug_pubnames
                  0x0000a9         0x35 build/default/production/accelerometer.o
 .debug_pubnames
                  0x0000de         0x26 build/default/production/TMR1.o
 .debug_pubnames
                  0x000104         0xbd build/default/production/openlog.o
 .debug_pubnames
                  0x0001c1         0x65 build/default/production/uart2.o
 .debug_pubnames
                  0x000226         0x70 build/default/production/DS1302.o
 .debug_pubnames
                  0x000296         0x39 build/default/production/ESP8266.o
 .debug_pubnames
                  0x0002cf         0x43 build/default/production/Main.o

.debug_ranges
 *(.debug_ranges)

.debug_aranges    0x000000         0xf0
 *(.debug_aranges)
 .debug_aranges
                  0x000000         0x18 build/default/production/Configuration.o
 .debug_aranges
                  0x000018         0x18 build/default/production/uart1.o
 .debug_aranges
                  0x000030         0x18 build/default/production/adc1.o
 .debug_aranges
                  0x000048         0x18 build/default/production/accelerometer.o
 .debug_aranges
                  0x000060         0x18 build/default/production/TMR1.o
 .debug_aranges
                  0x000078         0x18 build/default/production/openlog.o
 .debug_aranges
                  0x000090         0x18 build/default/production/uart2.o
 .debug_aranges
                  0x0000a8         0x18 build/default/production/DS1302.o
 .debug_aranges
                  0x0000c0         0x18 build/default/production/ESP8266.o
 .debug_aranges
                  0x0000d8         0x18 build/default/production/Main.o
                    0x0000                  WREG0 = 0x0
                    0x0000                  _WREG0 = 0x0
                    0x0002                  WREG1 = 0x2
                    0x0002                  _WREG1 = 0x2
                    0x0004                  WREG2 = 0x4
                    0x0004                  _WREG2 = 0x4
                    0x0006                  WREG3 = 0x6
                    0x0006                  _WREG3 = 0x6
                    0x0008                  WREG4 = 0x8
                    0x0008                  _WREG4 = 0x8
                    0x000a                  WREG5 = 0xa
                    0x000a                  _WREG5 = 0xa
                    0x000c                  WREG6 = 0xc
                    0x000c                  _WREG6 = 0xc
                    0x000e                  WREG7 = 0xe
                    0x000e                  _WREG7 = 0xe
                    0x0010                  WREG8 = 0x10
                    0x0010                  _WREG8 = 0x10
                    0x0012                  WREG9 = 0x12
                    0x0012                  _WREG9 = 0x12
                    0x0014                  WREG10 = 0x14
                    0x0014                  _WREG10 = 0x14
                    0x0016                  WREG11 = 0x16
                    0x0016                  _WREG11 = 0x16
                    0x0018                  WREG12 = 0x18
                    0x0018                  _WREG12 = 0x18
                    0x001a                  WREG13 = 0x1a
                    0x001a                  _WREG13 = 0x1a
                    0x001c                  WREG14 = 0x1c
                    0x001c                  _WREG14 = 0x1c
                    0x001e                  WREG15 = 0x1e
                    0x001e                  _WREG15 = 0x1e
                    0x0020                  SPLIM = 0x20
                    0x0020                  _SPLIM = 0x20
                    0x0022                  ACCAL = 0x22
                    0x0022                  _ACCAL = 0x22
                    0x0024                  ACCAH = 0x24
                    0x0024                  _ACCAH = 0x24
                    0x0026                  ACCAU = 0x26
                    0x0026                  _ACCAU = 0x26
                    0x0028                  ACCBL = 0x28
                    0x0028                  _ACCBL = 0x28
                    0x002a                  ACCBH = 0x2a
                    0x002a                  _ACCBH = 0x2a
                    0x002c                  ACCBU = 0x2c
                    0x002c                  _ACCBU = 0x2c
                    0x002e                  PCL = 0x2e
                    0x002e                  _PCL = 0x2e
                    0x0030                  PCH = 0x30
                    0x0030                  _PCH = 0x30
                    0x0032                  TBLPAG = 0x32
                    0x0032                  _TBLPAG = 0x32
                    0x0034                  PSVPAG = 0x34
                    0x0034                  _PSVPAG = 0x34
                    0x0036                  RCOUNT = 0x36
                    0x0036                  _RCOUNT = 0x36
                    0x0038                  DCOUNT = 0x38
                    0x0038                  _DCOUNT = 0x38
                    0x003a                  DOSTARTL = 0x3a
                    0x003a                  _DOSTARTL = 0x3a
                    0x003c                  DOSTARTH = 0x3c
                    0x003c                  _DOSTARTH = 0x3c
                    0x003e                  DOENDL = 0x3e
                    0x003e                  _DOENDL = 0x3e
                    0x0040                  DOENDH = 0x40
                    0x0040                  _DOENDH = 0x40
                    0x0042                  SR = 0x42
                    0x0042                  _SR = 0x42
                    0x0042                  _SRbits = 0x42
                    0x0044                  CORCON = 0x44
                    0x0044                  _CORCON = 0x44
                    0x0044                  _CORCONbits = 0x44
                    0x0046                  MODCON = 0x46
                    0x0046                  _MODCON = 0x46
                    0x0046                  _MODCONbits = 0x46
                    0x0048                  XMODSRT = 0x48
                    0x0048                  _XMODSRT = 0x48
                    0x004a                  XMODEND = 0x4a
                    0x004a                  _XMODEND = 0x4a
                    0x004c                  YMODSRT = 0x4c
                    0x004c                  _YMODSRT = 0x4c
                    0x004e                  YMODEND = 0x4e
                    0x004e                  _YMODEND = 0x4e
                    0x0050                  XBREV = 0x50
                    0x0050                  _XBREV = 0x50
                    0x0050                  _XBREVbits = 0x50
                    0x0052                  DISICNT = 0x52
                    0x0052                  _DISICNT = 0x52
                    0x0052                  _DISICNTbits = 0x52
                    0x0080                  INTCON1 = 0x80
                    0x0080                  _INTCON1 = 0x80
                    0x0080                  _INTCON1bits = 0x80
                    0x0082                  INTCON2 = 0x82
                    0x0082                  _INTCON2 = 0x82
                    0x0082                  _INTCON2bits = 0x82
                    0x0084                  IFS0 = 0x84
                    0x0084                  _IFS0 = 0x84
                    0x0084                  _IFS0bits = 0x84
                    0x0086                  IFS1 = 0x86
                    0x0086                  _IFS1 = 0x86
                    0x0086                  _IFS1bits = 0x86
                    0x0088                  IFS2 = 0x88
                    0x0088                  _IFS2 = 0x88
                    0x0088                  _IFS2bits = 0x88
                    0x008c                  IEC0 = 0x8c
                    0x008c                  _IEC0 = 0x8c
                    0x008c                  _IEC0bits = 0x8c
                    0x008e                  IEC1 = 0x8e
                    0x008e                  _IEC1 = 0x8e
                    0x008e                  _IEC1bits = 0x8e
                    0x0090                  IEC2 = 0x90
                    0x0090                  _IEC2 = 0x90
                    0x0090                  _IEC2bits = 0x90
                    0x0094                  IPC0 = 0x94
                    0x0094                  _IPC0 = 0x94
                    0x0094                  _IPC0bits = 0x94
                    0x0096                  IPC1 = 0x96
                    0x0096                  _IPC1 = 0x96
                    0x0096                  _IPC1bits = 0x96
                    0x0098                  IPC2 = 0x98
                    0x0098                  _IPC2 = 0x98
                    0x0098                  _IPC2bits = 0x98
                    0x009a                  IPC3 = 0x9a
                    0x009a                  _IPC3 = 0x9a
                    0x009a                  _IPC3bits = 0x9a
                    0x009c                  IPC4 = 0x9c
                    0x009c                  _IPC4 = 0x9c
                    0x009c                  _IPC4bits = 0x9c
                    0x009e                  IPC5 = 0x9e
                    0x009e                  _IPC5 = 0x9e
                    0x009e                  _IPC5bits = 0x9e
                    0x00a0                  IPC6 = 0xa0
                    0x00a0                  _IPC6 = 0xa0
                    0x00a0                  _IPC6bits = 0xa0
                    0x00a8                  IPC10 = 0xa8
                    0x00a8                  _IPC10 = 0xa8
                    0x00a8                  _IPC10bits = 0xa8
                    0x00b0                  INTTREG = 0xb0
                    0x00b0                  _INTTREG = 0xb0
                    0x00b0                  _INTTREGbits = 0xb0
                    0x00c0                  CNEN1 = 0xc0
                    0x00c0                  _CNEN1 = 0xc0
                    0x00c0                  _CNEN1bits = 0xc0
                    0x00c2                  CNEN2 = 0xc2
                    0x00c2                  _CNEN2 = 0xc2
                    0x00c2                  _CNEN2bits = 0xc2
                    0x00c4                  CNPU1 = 0xc4
                    0x00c4                  _CNPU1 = 0xc4
                    0x00c4                  _CNPU1bits = 0xc4
                    0x00c6                  CNPU2 = 0xc6
                    0x00c6                  _CNPU2 = 0xc6
                    0x00c6                  _CNPU2bits = 0xc6
                    0x0100                  TMR1 = 0x100
                    0x0100                  _TMR1 = 0x100
                    0x0102                  PR1 = 0x102
                    0x0102                  _PR1 = 0x102
                    0x0104                  T1CON = 0x104
                    0x0104                  _T1CON = 0x104
                    0x0104                  _T1CONbits = 0x104
                    0x0106                  TMR2 = 0x106
                    0x0106                  _TMR2 = 0x106
                    0x0108                  TMR3HLD = 0x108
                    0x0108                  _TMR3HLD = 0x108
                    0x010a                  TMR3 = 0x10a
                    0x010a                  _TMR3 = 0x10a
                    0x010c                  PR2 = 0x10c
                    0x010c                  _PR2 = 0x10c
                    0x010e                  PR3 = 0x10e
                    0x010e                  _PR3 = 0x10e
                    0x0110                  T2CON = 0x110
                    0x0110                  _T2CON = 0x110
                    0x0110                  _T2CONbits = 0x110
                    0x0112                  T3CON = 0x112
                    0x0112                  _T3CON = 0x112
                    0x0112                  _T3CONbits = 0x112
                    0x0140                  IC1BUF = 0x140
                    0x0140                  _IC1BUF = 0x140
                    0x0142                  IC1CON = 0x142
                    0x0142                  _IC1CON = 0x142
                    0x0142                  _IC1CONbits = 0x142
                    0x0144                  IC2BUF = 0x144
                    0x0144                  _IC2BUF = 0x144
                    0x0146                  IC2CON = 0x146
                    0x0146                  _IC2CON = 0x146
                    0x0146                  _IC2CONbits = 0x146
                    0x0180                  OC1RS = 0x180
                    0x0180                  _OC1RS = 0x180
                    0x0182                  OC1R = 0x182
                    0x0182                  _OC1R = 0x182
                    0x0184                  OC1CON = 0x184
                    0x0184                  _OC1CON = 0x184
                    0x0184                  _OC1CONbits = 0x184
                    0x0186                  OC2RS = 0x186
                    0x0186                  _OC2RS = 0x186
                    0x0188                  OC2R = 0x188
                    0x0188                  _OC2R = 0x188
                    0x018a                  OC2CON = 0x18a
                    0x018a                  _OC2CON = 0x18a
                    0x018a                  _OC2CONbits = 0x18a
                    0x0200                  I2CRCV = 0x200
                    0x0200                  _I2CRCV = 0x200
                    0x0200                  _I2CRCVbits = 0x200
                    0x0202                  I2CTRN = 0x202
                    0x0202                  _I2CTRN = 0x202
                    0x0202                  _I2CTRNbits = 0x202
                    0x0204                  I2CBRG = 0x204
                    0x0204                  _I2CBRG = 0x204
                    0x0204                  _I2CBRGbits = 0x204
                    0x0206                  I2CCON = 0x206
                    0x0206                  _I2CCON = 0x206
                    0x0206                  _I2CCONbits = 0x206
                    0x0208                  I2CSTAT = 0x208
                    0x0208                  _I2CSTAT = 0x208
                    0x0208                  _I2CSTATbits = 0x208
                    0x020a                  I2CADD = 0x20a
                    0x020a                  _I2CADD = 0x20a
                    0x020a                  _I2CADDbits = 0x20a
                    0x020c                  U1MODE = 0x20c
                    0x020c                  _U1MODE = 0x20c
                    0x020c                  _U1MODEbits = 0x20c
                    0x020e                  U1STA = 0x20e
                    0x020e                  _U1STA = 0x20e
                    0x020e                  _U1STAbits = 0x20e
                    0x0210                  U1TXREG = 0x210
                    0x0210                  _U1TXREG = 0x210
                    0x0210                  _U1TXREGbits = 0x210
                    0x0212                  U1RXREG = 0x212
                    0x0212                  _U1RXREG = 0x212
                    0x0212                  _U1RXREGbits = 0x212
                    0x0214                  U1BRG = 0x214
                    0x0214                  _U1BRG = 0x214
                    0x0216                  U2MODE = 0x216
                    0x0216                  _U2MODE = 0x216
                    0x0216                  _U2MODEbits = 0x216
                    0x0218                  U2STA = 0x218
                    0x0218                  _U2STA = 0x218
                    0x0218                  _U2STAbits = 0x218
                    0x021a                  U2TXREG = 0x21a
                    0x021a                  _U2TXREG = 0x21a
                    0x021a                  _U2TXREGbits = 0x21a
                    0x021c                  U2RXREG = 0x21c
                    0x021c                  _U2RXREG = 0x21c
                    0x021c                  _U2RXREGbits = 0x21c
                    0x021e                  U2BRG = 0x21e
                    0x021e                  _U2BRG = 0x21e
                    0x0220                  SPI1STAT = 0x220
                    0x0220                  _SPI1STAT = 0x220
                    0x0220                  _SPI1STATbits = 0x220
                    0x0222                  SPI1CON = 0x222
                    0x0222                  _SPI1CON = 0x222
                    0x0222                  _SPI1CONbits = 0x222
                    0x0224                  SPI1BUF = 0x224
                    0x0224                  _SPI1BUF = 0x224
                    0x0280                  ADCBUF0 = 0x280
                    0x0280                  _ADCBUF0 = 0x280
                    0x0282                  ADCBUF1 = 0x282
                    0x0282                  _ADCBUF1 = 0x282
                    0x0284                  ADCBUF2 = 0x284
                    0x0284                  _ADCBUF2 = 0x284
                    0x0286                  ADCBUF3 = 0x286
                    0x0286                  _ADCBUF3 = 0x286
                    0x0288                  ADCBUF4 = 0x288
                    0x0288                  _ADCBUF4 = 0x288
                    0x028a                  ADCBUF5 = 0x28a
                    0x028a                  _ADCBUF5 = 0x28a
                    0x028c                  ADCBUF6 = 0x28c
                    0x028c                  _ADCBUF6 = 0x28c
                    0x028e                  ADCBUF7 = 0x28e
                    0x028e                  _ADCBUF7 = 0x28e
                    0x0290                  ADCBUF8 = 0x290
                    0x0290                  _ADCBUF8 = 0x290
                    0x0292                  ADCBUF9 = 0x292
                    0x0292                  _ADCBUF9 = 0x292
                    0x0294                  ADCBUFA = 0x294
                    0x0294                  _ADCBUFA = 0x294
                    0x0296                  ADCBUFB = 0x296
                    0x0296                  _ADCBUFB = 0x296
                    0x0298                  ADCBUFC = 0x298
                    0x0298                  _ADCBUFC = 0x298
                    0x029a                  ADCBUFD = 0x29a
                    0x029a                  _ADCBUFD = 0x29a
                    0x029c                  ADCBUFE = 0x29c
                    0x029c                  _ADCBUFE = 0x29c
                    0x029e                  ADCBUFF = 0x29e
                    0x029e                  _ADCBUFF = 0x29e
                    0x02a0                  ADCON1 = 0x2a0
                    0x02a0                  _ADCON1 = 0x2a0
                    0x02a0                  _ADCON1bits = 0x2a0
                    0x02a2                  ADCON2 = 0x2a2
                    0x02a2                  _ADCON2 = 0x2a2
                    0x02a2                  _ADCON2bits = 0x2a2
                    0x02a4                  ADCON3 = 0x2a4
                    0x02a4                  _ADCON3 = 0x2a4
                    0x02a4                  _ADCON3bits = 0x2a4
                    0x02a6                  ADCHS = 0x2a6
                    0x02a6                  _ADCHS = 0x2a6
                    0x02a6                  _ADCHSbits = 0x2a6
                    0x02a8                  ADPCFG = 0x2a8
                    0x02a8                  _ADPCFG = 0x2a8
                    0x02a8                  _ADPCFGbits = 0x2a8
                    0x02aa                  ADCSSL = 0x2aa
                    0x02aa                  _ADCSSL = 0x2aa
                    0x02aa                  _ADCSSLbits = 0x2aa
                    0x02c0                  TRISA = 0x2c0
                    0x02c0                  _TRISA = 0x2c0
                    0x02c0                  _TRISAbits = 0x2c0
                    0x02c2                  PORTA = 0x2c2
                    0x02c2                  _PORTA = 0x2c2
                    0x02c2                  _PORTAbits = 0x2c2
                    0x02c4                  LATA = 0x2c4
                    0x02c4                  _LATA = 0x2c4
                    0x02c4                  _LATAbits = 0x2c4
                    0x02c6                  TRISB = 0x2c6
                    0x02c6                  _TRISB = 0x2c6
                    0x02c6                  _TRISBbits = 0x2c6
                    0x02c8                  PORTB = 0x2c8
                    0x02c8                  _PORTB = 0x2c8
                    0x02c8                  _PORTBbits = 0x2c8
                    0x02ca                  LATB = 0x2ca
                    0x02ca                  _LATB = 0x2ca
                    0x02ca                  _LATBbits = 0x2ca
                    0x02cc                  TRISC = 0x2cc
                    0x02cc                  _TRISC = 0x2cc
                    0x02cc                  _TRISCbits = 0x2cc
                    0x02ce                  PORTC = 0x2ce
                    0x02ce                  _PORTC = 0x2ce
                    0x02ce                  _PORTCbits = 0x2ce
                    0x02d0                  LATC = 0x2d0
                    0x02d0                  _LATC = 0x2d0
                    0x02d0                  _LATCbits = 0x2d0
                    0x02d2                  TRISD = 0x2d2
                    0x02d2                  _TRISD = 0x2d2
                    0x02d2                  _TRISDbits = 0x2d2
                    0x02d4                  PORTD = 0x2d4
                    0x02d4                  _PORTD = 0x2d4
                    0x02d4                  _PORTDbits = 0x2d4
                    0x02d6                  LATD = 0x2d6
                    0x02d6                  _LATD = 0x2d6
                    0x02d6                  _LATDbits = 0x2d6
                    0x02de                  TRISF = 0x2de
                    0x02de                  _TRISF = 0x2de
                    0x02de                  _TRISFbits = 0x2de
                    0x02e0                  PORTF = 0x2e0
                    0x02e0                  _PORTF = 0x2e0
                    0x02e0                  _PORTFbits = 0x2e0
                    0x02e2                  LATF = 0x2e2
                    0x02e2                  _LATF = 0x2e2
                    0x02e2                  _LATFbits = 0x2e2
                    0x0740                  RCON = 0x740
                    0x0740                  _RCON = 0x740
                    0x0740                  _RCONbits = 0x740
                    0x0742                  OSCCON = 0x742
                    0x0742                  _OSCCON = 0x742
                    0x0742                  _OSCCONbits = 0x742
                    0x0742                  OSCCONL = 0x742
                    0x0742                  _OSCCONL = 0x742
                    0x0743                  OSCCONH = 0x743
                    0x0743                  _OSCCONH = 0x743
                    0x0744                  OSCTUN = 0x744
                    0x0744                  _OSCTUN = 0x744
                    0x0744                  _OSCTUNbits = 0x744
                    0x0760                  NVMCON = 0x760
                    0x0760                  _NVMCON = 0x760
                    0x0760                  _NVMCONbits = 0x760
                    0x0762                  NVMADR = 0x762
                    0x0762                  _NVMADR = 0x762
                    0x0764                  NVMADRU = 0x764
                    0x0764                  _NVMADRU = 0x764
                    0x0764                  _NVMADRUbits = 0x764
                    0x0766                  NVMKEY = 0x766
                    0x0766                  _NVMKEY = 0x766
                    0x0770                  PMD1 = 0x770
                    0x0770                  _PMD1 = 0x770
                    0x0770                  _PMD1bits = 0x770
                    0x0772                  PMD2 = 0x772
                    0x0772                  _PMD2 = 0x772
                    0x0772                  _PMD2bits = 0x772
                    0x0022                  ACCA = 0x22
                    0x0022                  _ACCA = 0x22
                    0x0028                  ACCB = 0x28
                    0x0028                  _ACCB = 0x28
                    0x0140                  IC1 = 0x140
                    0x0140                  _IC1 = 0x140
                    0x0144                  IC2 = 0x144
                    0x0144                  _IC2 = 0x144
                    0x0180                  OC1 = 0x180
                    0x0180                  _OC1 = 0x180
                    0x0186                  OC2 = 0x186
                    0x0186                  _OC2 = 0x186
                    0x0220                  SPI1 = 0x220
                    0x0220                  _SPI1 = 0x220
                    0x020c                  UART1 = 0x20c
                    0x020c                  _UART1 = 0x20c
                    0x0216                  UART2 = 0x216
                    0x0216                  _UART2 = 0x216
START GROUP
LOAD c:/program files (x86)/microchip/xc16/v1.34/bin/bin/../../lib\libpic30-elf.a
LOAD c:/program files (x86)/microchip/xc16/v1.34/bin/bin/../../lib\libm-elf.a
LOAD c:/program files (x86)/microchip/xc16/v1.34/bin/bin/../../lib\libc-elf.a
END GROUP
OUTPUT(dist/default/production/Analizador_de_vibraciones.X.production.elf elf32-pic30)
LOAD /CW/_FGS¨”ý
LOAD default_isr
LOAD data_init

.debug_pubtypes
                  0x0000f0        0x324
 .debug_pubtypes
                  0x0000f0         0xd7 build/default/production/Configuration.o
 .debug_pubtypes
                  0x0001c7         0x12 build/default/production/uart1.o
 .debug_pubtypes
                  0x0001d9         0x40 build/default/production/adc1.o
 .debug_pubtypes
                  0x000219         0x12 build/default/production/accelerometer.o
 .debug_pubtypes
                  0x00022b         0x12 build/default/production/TMR1.o
 .debug_pubtypes
                  0x00023d         0x12 build/default/production/openlog.o
 .debug_pubtypes
                  0x00024f         0x5b build/default/production/uart2.o
 .debug_pubtypes
                  0x0002aa         0x7a build/default/production/DS1302.o
 .debug_pubtypes
                  0x000324         0x5b build/default/production/ESP8266.o
 .debug_pubtypes
                  0x00037f         0x95 build/default/production/Main.o

__c30_signature
                  0x000414        0x14a
 __c30_signature
                  0x000414          0x6 build/default/production/Configuration.o
 __c30_signature
                  0x00041a          0x6 build/default/production/uart1.o
 __c30_signature
                  0x000420          0x6 build/default/production/adc1.o
 __c30_signature
                  0x000426          0x6 build/default/production/accelerometer.o
 __c30_signature
                  0x00042c          0x6 build/default/production/TMR1.o
 __c30_signature
                  0x000432          0x6 build/default/production/openlog.o
 __c30_signature
                  0x000438          0x6 build/default/production/uart2.o
 __c30_signature
                  0x00043e          0x6 build/default/production/DS1302.o
 __c30_signature
                  0x000444          0x6 build/default/production/ESP8266.o
 __c30_signature
                  0x00044a          0x6 build/default/production/Main.o
 __c30_signature
                  0x000450          0x6 c:/program files (x86)/microchip/xc16/v1.34/bin/bin/../../lib/dsPIC30F\libp30F3014-elf.a(BusyADC12.o)
 __c30_signature
                  0x000456          0x6 c:/program files (x86)/microchip/xc16/v1.34/bin/bin/../../lib/dsPIC30F\libp30F3014-elf.a(CloseADC12.o)
 __c30_signature
                  0x00045c          0x6 c:/program files (x86)/microchip/xc16/v1.34/bin/bin/../../lib/dsPIC30F\libp30F3014-elf.a(ConfigIntADC12.o)
 __c30_signature
                  0x000462          0x6 c:/program files (x86)/microchip/xc16/v1.34/bin/bin/../../lib/dsPIC30F\libp30F3014-elf.a(OpenADC12.o)
 __c30_signature
                  0x000468          0x6 c:/program files (x86)/microchip/xc16/v1.34/bin/bin/../../lib/dsPIC30F\libp30F3014-elf.a(ReadADC12.o)
 __c30_signature
                  0x00046e          0x6 c:/program files (x86)/microchip/xc16/v1.34/bin/bin/../../lib/dsPIC30F\libp30F3014-elf.a(SetChanADC12.o)
 __c30_signature
                  0x000474          0x6 c:/program files (x86)/microchip/xc16/v1.34/bin/bin/../../lib/dsPIC30F\libp30F3014-elf.a(CloseTimer1.o)
 __c30_signature
                  0x00047a          0x6 c:/program files (x86)/microchip/xc16/v1.34/bin/bin/../../lib/dsPIC30F\libp30F3014-elf.a(ConfigIntTimer1.o)
 __c30_signature
                  0x000480          0x6 c:/program files (x86)/microchip/xc16/v1.34/bin/bin/../../lib/dsPIC30F\libp30F3014-elf.a(OpenTimer1.o)
 __c30_signature
                  0x000486          0x6 c:/program files (x86)/microchip/xc16/v1.34/bin/bin/../../lib/dsPIC30F\libp30F3014-elf.a(BusyUART1.o)
 __c30_signature
                  0x00048c          0x6 c:/program files (x86)/microchip/xc16/v1.34/bin/bin/../../lib/dsPIC30F\libp30F3014-elf.a(CloseUART1.o)
 __c30_signature
                  0x000492          0x6 c:/program files (x86)/microchip/xc16/v1.34/bin/bin/../../lib/dsPIC30F\libp30F3014-elf.a(CloseUART2.o)
 __c30_signature
                  0x000498          0x6 c:/program files (x86)/microchip/xc16/v1.34/bin/bin/../../lib/dsPIC30F\libp30F3014-elf.a(ConfigIntUART1.o)
 __c30_signature
                  0x00049e          0x6 c:/program files (x86)/microchip/xc16/v1.34/bin/bin/../../lib/dsPIC30F\libp30F3014-elf.a(ConfigIntUART2.o)
 __c30_signature
                  0x0004a4          0x6 c:/program files (x86)/microchip/xc16/v1.34/bin/bin/../../lib/dsPIC30F\libp30F3014-elf.a(DataRdyUART1.o)
 __c30_signature
                  0x0004aa          0x6 c:/program files (x86)/microchip/xc16/v1.34/bin/bin/../../lib/dsPIC30F\libp30F3014-elf.a(DataRdyUART2.o)
 __c30_signature
                  0x0004b0          0x6 c:/program files (x86)/microchip/xc16/v1.34/bin/bin/../../lib/dsPIC30F\libp30F3014-elf.a(OpenUART1.o)
 __c30_signature
                  0x0004b6          0x6 c:/program files (x86)/microchip/xc16/v1.34/bin/bin/../../lib/dsPIC30F\libp30F3014-elf.a(OpenUART2.o)
 __c30_signature
                  0x0004bc          0x6 c:/program files (x86)/microchip/xc16/v1.34/bin/bin/../../lib/dsPIC30F\libp30F3014-elf.a(putsUART1.o)
 __c30_signature
                  0x0004c2          0x6 c:/program files (x86)/microchip/xc16/v1.34/bin/bin/../../lib/dsPIC30F\libp30F3014-elf.a(putsUART2.o)
 __c30_signature
                  0x0004c8          0x6 c:/program files (x86)/microchip/xc16/v1.34/bin/bin/../../lib/dsPIC30F\libp30F3014-elf.a(ReadUART1.o)
 __c30_signature
                  0x0004ce          0x6 c:/program files (x86)/microchip/xc16/v1.34/bin/bin/../../lib/dsPIC30F\libp30F3014-elf.a(ReadUART2.o)
 __c30_signature
                  0x0004d4          0x6 c:/program files (x86)/microchip/xc16/v1.34/bin/bin/../../lib/dsPIC30F\libp30F3014-elf.a(WriteUART1.o)
 __c30_signature
                  0x0004da          0x6 c:/program files (x86)/microchip/xc16/v1.34/bin/bin/../../lib\libpic30-elf.a(crt0_standard.o)
 __c30_signature
                  0x0004e0          0x6 c:/program files (x86)/microchip/xc16/v1.34/bin/bin/../../lib\libpic30-elf.a(data_init_standard.o)
 __c30_signature
                  0x0004e6          0x6 c:/program files (x86)/microchip/xc16/v1.34/bin/bin/../../lib\libpic30-elf.a(delay32.eo)
 __c30_signature
                  0x0004ec          0x6 c:/program files (x86)/microchip/xc16/v1.34/bin/bin/../../lib\libm-elf.a(divsf3.eo)
 __c30_signature
                  0x0004f2          0x6 c:/program files (x86)/microchip/xc16/v1.34/bin/bin/../../lib\libm-elf.a(fixunssfsi.eo)
 __c30_signature
                  0x0004f8          0x6 c:/program files (x86)/microchip/xc16/v1.34/bin/bin/../../lib\libm-elf.a(floatunsisf.eo)
 __c30_signature
                  0x0004fe          0x6 c:/program files (x86)/microchip/xc16/v1.34/bin/bin/../../lib\libm-elf.a(fpack.eo)
 __c30_signature
                  0x000504          0x6 c:/program files (x86)/microchip/xc16/v1.34/bin/bin/../../lib\libm-elf.a(funpack.eo)
 __c30_signature
                  0x00050a          0x6 c:/program files (x86)/microchip/xc16/v1.34/bin/bin/../../lib\libm-elf.a(funpack2.eo)
 __c30_signature
                  0x000510          0x6 c:/program files (x86)/microchip/xc16/v1.34/bin/bin/../../lib\libm-elf.a(futil.eo)
 __c30_signature
                  0x000516          0x6 c:/program files (x86)/microchip/xc16/v1.34/bin/bin/../../lib\libm-elf.a(mulsf3.eo)
 __c30_signature
                  0x00051c          0x6 c:/program files (x86)/microchip/xc16/v1.34/bin/bin/../../lib\libm-elf.a(floatundisf.eo)
 __c30_signature
                  0x000522          0x6 c:/program files (x86)/microchip/xc16/v1.34/bin/bin/../../lib\libc-elf.a(atoi.eo)
 __c30_signature
                  0x000528          0x6 c:/program files (x86)/microchip/xc16/v1.34/bin/bin/../../lib\libc-elf.a(sprintf_cdnopuxX.XXeo)
 __c30_signature
                  0x00052e          0x6 c:/program files (x86)/microchip/xc16/v1.34/bin/bin/../../lib\libc-elf.a(doprnt_cdnopuxX.XXeo)
 __c30_signature
                  0x000534          0x6 c:/program files (x86)/microchip/xc16/v1.34/bin/bin/../../lib\libc-elf.a(fputc.eo)
 __c30_signature
                  0x00053a          0x6 c:/program files (x86)/microchip/xc16/v1.34/bin/bin/../../lib\libc-elf.a(_iob.eo)
 __c30_signature
                  0x000540          0x6 c:/program files (x86)/microchip/xc16/v1.34/bin/bin/../../lib\libc-elf.a(flsbuf.eo)
 __c30_signature
                  0x000546          0x6 c:/program files (x86)/microchip/xc16/v1.34/bin/bin/../../lib\libpic30-elf.a(write.eo)
 __c30_signature
                  0x00054c          0x6 c:/program files (x86)/microchip/xc16/v1.34/bin/bin/../../lib\libpic30-elf.a(c30_uart.eo)
 __c30_signature
                  0x000552          0x6 c:/program files (x86)/microchip/xc16/v1.34/bin/bin/../../lib\libm-elf.a(udivsi3.eo)
 __c30_signature
                  0x000558          0x6 c:/program files (x86)/microchip/xc16/v1.34/bin/bin/../../lib\libm-elf.a(mulsi3.eo)

.nbss               0x0800         0x18
 .nbss              0x0800         0x16 build/default/production/Main.o
                    0x0800                  _rec
                    0x0814                  _function_flag
                    0x0815                  _file_flag
 .nbss              0x0816          0x2 build/default/production/openlog.o
                    0x0816                  _file_number

.data               0x0818         0x78
 .data              0x0818         0x52 c:/program files (x86)/microchip/xc16/v1.34/bin/bin/../../lib\libc-elf.a(doprnt_cdnopuxX.XXeo)
 .data              0x086a         0x26 c:/program files (x86)/microchip/xc16/v1.34/bin/bin/../../lib\libc-elf.a(_iob.eo)
                    0x086a                  __iob
                    0x088e                  __Files

.bss                0x0890          0x6
 .bss               0x0890          0x6 c:/program files (x86)/microchip/xc16/v1.34/bin/bin/../../lib\libc-elf.a(_iob.eo)
                    0x0890                  __outdone
                    0x0891                  __sibuf
                    0x0893                  __sobuf

.data               0x0896          0x2
 .data              0x0896          0x2 c:/program files (x86)/microchip/xc16/v1.34/bin/bin/../../lib\libpic30-elf.a(c30_uart.eo)
                    0x0896                  ___C30_UART

.config_ICS       0xf8000c          0x2
 .config_ICS      0xf8000c          0x2 build/default/production/Configuration.o

.config_MCLRE     0xf80004          0x2
 .config_MCLRE    0xf80004          0x2 build/default/production/Configuration.o

.config_WDT       0xf80002          0x2
 .config_WDT      0xf80002          0x2 build/default/production/Configuration.o

.config_FCKSMEN
                  0xf80000          0x2
 .config_FCKSMEN
                  0xf80000          0x2 build/default/production/Configuration.o

.ivt._U2RXInterrupt
                  0x000044          0x2
 .ivt._U2RXInterrupt
                  0x000044          0x2 build/default/production/uart2.o

.const              0x8d94         0xea load address 0x000d94  
 .const             0x8d94         0xe6 build/default/production/openlog.o
 .const             0x8e7a          0x4 build/default/production/ESP8266.o

.text             0x000e7e        0x590
 .text            0x000e7e        0x2e8 build/default/production/openlog.o
                  0x000e7e                  _OPENLOG_initilize
                  0x000eca                  _OPENLOG_get_string
                  0x000f3a                  _OPENLOG_parser
                  0x000f86                  _OPENLOG_completewrite
                  0x000fe4                  _OPENLOG_comandmode
                  0x00100e                  _OPENLOG_newfile
                  0x001070                  _OPENLOG_printtime
 .text            0x001166        0x1de build/default/production/DS1302.o
                  0x001166                  _DS1302_initialize
                  0x001178                  _DS1302_write
                  0x0011d8                  _DS1302_read
                  0x001296                  _DS1302_bcd2bin
                  0x0012d0                  _DS1302_rgtclean
 .text            0x001344         0xca build/default/production/Main.o
                  0x001344                  _main

.dinit            0x00140e         0x7a
 .dinit           0x00140e         0x7a data_init

.text             0x001488        0x186
 .text            0x001488         0x68 build/default/production/adc1.o
                  0x001488                  _ADC1_initialize
                  0x0014b4                  _ADC1_getdata
                  0x0014d2                  _BATT_get
 .text            0x0014f0         0x56 build/default/production/uart2.o
                  0x0014f0                  _UART2_initialize
                  0x001514                  _UART2_send_string
                  0x001520                  _UART2_get_string
 .text            0x001546         0x3a build/default/production/ESP8266.o
                  0x001546                  _initilize_ESP8266
                  0x001550                  _wlan_ESP8266
 .text            0x001580         0x38 build/default/production/Configuration.o
                  0x001580                  _SYSTEM_initialize
 .text            0x0015b8         0x30 build/default/production/uart1.o
                  0x0015b8                  _UART1_initialize
                  0x0015dc                  _UART1_send_string
 .text            0x0015e8         0x26 build/default/production/accelerometer.o
                  0x0015e8                  _ACCEL_initialize
                  0x0015ee                  _ACCEL_get

.init.delay32     0x00160e         0x1c
 .init.delay32    0x00160e         0x1c c:/program files (x86)/microchip/xc16/v1.34/bin/bin/../../lib\libpic30-elf.a(delay32.eo)
                  0x00160e                  ___delay32

.text             0x00162a         0x1a
 .text            0x00162a         0x1a build/default/production/TMR1.o
                  0x00162a                  _TMR1_initialize
